// Jest Snapshot v1, https://goo.gl/fbAQLP

exports[`Testing Custom form testing form component 1`] = `
<form
  className="sample"
  onSubmit={
    [MockFunction] {
      "calls": Array [
        Array [],
      ],
      "results": Array [
        Object {
          "type": "return",
          "value": undefined,
        },
      ],
    }
  }
>
  <button
    type="submit"
  />
</form>
`;
